
> mzawal-cosmetics@0.1.0 build
> next build

⚠ Warning: Next.js inferred your workspace root, but it may not be correct.
 We detected multiple lockfiles and selected the directory of C:\Users\USER\package-lock.json as the root directory.
 To silence this warning, set `turbopack.root` in your Next.js config, or consider removing one of the lockfiles if it's not needed.
   See https://nextjs.org/docs/app/api-reference/config/next-config-js/turbopack#root-directory for more information.
 Detected additional lockfiles: 
   * C:\Users\USER\Documents\CODES\mzawal-cosmetics\package-lock.json

▲ Next.js 16.1.6 (Turbopack)
- Environments: .env

⚠ The "middleware" file convention is deprecated. Please use "proxy" instead. Learn more: https://nextjs.org/docs/messages/middleware-to-proxy
  Creating an optimized production build ...
✓ Compiled successfully in 2.9s
  Running TypeScript ...
  Collecting page data using 7 workers ...
Error [PrismaClientConstructorValidationError]: Using engine type "client" requires either "adapter" or "accelerateUrl" to be provided to PrismaClient constructor.
Read more at https://pris.ly/d/client-constructor
    at module evaluation (C:\Users\USER\Documents\CODES\mzawal-cosmetics\.next\server\chunks\[root-of-the-server]__34841bfe._.js:1:1166)
    at instantiateModule (C:\Users\USER\Documents\CODES\mzawal-cosmetics\.next\server\chunks\[turbopack]_runtime.js:740:9)
    at getOrInstantiateModuleFromParent (C:\Users\USER\Documents\CODES\mzawal-cosmetics\.next\server\chunks\[turbopack]_runtime.js:763:12)
    at Context.esmImport [as i] (C:\Users\USER\Documents\CODES\mzawal-cosmetics\.next\server\chunks\[turbopack]_runtime.js:228:20)
    at module evaluation (C:\Users\USER\Documents\CODES\mzawal-cosmetics\.next\server\chunks\[root-of-the-server]__34841bfe._.js:1:1500)
    at instantiateModule (C:\Users\USER\Documents\CODES\mzawal-cosmetics\.next\server\chunks\[turbopack]_runtime.js:740:9)
    at instantiateRuntimeModule (C:\Users\USER\Documents\CODES\mzawal-cosmetics\.next\server\chunks\[turbopack]_runtime.js:768:12)
Error [PrismaClientConstructorValidationError]: Using engine type "client" requires either "adapter" or "accelerateUrl" to be provided to PrismaClient constructor.
Read more at https://pris.ly/d/client-constructor
    at module evaluation (C:\Users\USER\Documents\CODES\mzawal-cosmetics\.next\server\chunks\[root-of-the-server]__0818ad0e._.js:1:1166)
    at instantiateModule (C:\Users\USER\Documents\CODES\mzawal-cosmetics\.next\server\chunks\[turbopack]_runtime.js:740:9)
    at getOrInstantiateModuleFromParent (C:\Users\USER\Documents\CODES\mzawal-cosmetics\.next\server\chunks\[turbopack]_runtime.js:763:12)
    at Context.esmImport [as i] (C:\Users\USER\Documents\CODES\mzawal-cosmetics\.next\server\chunks\[turbopack]_runtime.js:228:20)
    at module evaluation (C:\Users\USER\Documents\CODES\mzawal-cosmetics\.next\server\chunks\[root-of-the-server]__0818ad0e._.js:1:1499)
    at instantiateModule (C:\Users\USER\Documents\CODES\mzawal-cosmetics\.next\server\chunks\[turbopack]_runtime.js:740:9)
    at instantiateRuntimeModule (C:\Users\USER\Documents\CODES\mzawal-cosmetics\.next\server\chunks\[turbopack]_runtime.js:768:12)

> Build error occurred
Error: Failed to collect page data for /api/products
    at ignore-listed frames {
  type: 'Error'
}
